
Memory Configuration

Name             Origin             Length             Attributes
FLASH            0x08000000         0x00200000         xr
SRAM1            0x20000000         0x00030000         xrw
*default*        0x00000000         0xffffffff

Linker script and memory map

LOAD main.o
LOAD startup.o

.text           0x08000000      0x318
 *(.vector)
 .vector        0x08000000      0x1b8 startup.o
                0x08000000                Vector_Table
 *(.text)
 .text          0x080001b8       0x7c main.o
                0x080001b8                main
 .text          0x08000234       0x94 startup.o
                0x08000234                RESET_Handler
                0x080002c0                Default_Handler
                0x080002c0                NMI_Handler
                0x080002c0                HardFault_Handler
 *(.rodata)
 *(.comment)
 .comment       0x080002c8       0x4d main.o
                                 0x4e (size before relaxing)
 .comment       0x08000315       0x4e startup.o
                0x08000364                . = ALIGN (0x4)
 *fill*         0x08000315        0x3 
                0x08000318                end_of_text = .

.glue_7         0x08000318        0x0
 .glue_7        0x08000318        0x0 linker stubs

.glue_7t        0x08000318        0x0
 .glue_7t       0x08000318        0x0 linker stubs

.vfp11_veneer   0x08000318        0x0
 .vfp11_veneer  0x08000318        0x0 linker stubs

.v4_bx          0x08000318        0x0
 .v4_bx         0x08000318        0x0 linker stubs

.iplt           0x08000318        0x0
 .iplt          0x08000318        0x0 startup.o

.rel.dyn        0x08000318        0x0
 .rel.iplt      0x08000318        0x0 startup.o

.data           0x20000000        0x0 load address 0x08000318
                0x20000000                . = ALIGN (0x4)
                0x20000000                start_of_data = .
 *(.data)
 .data          0x20000000        0x0 main.o
 .data          0x20000000        0x0 startup.o
                0x20000000                . = ALIGN (0x4)
                0x20000000                end_of_data = .

.igot.plt       0x20000000        0x0 load address 0x08000318
 .igot.plt      0x20000000        0x0 startup.o

.bss            0x20000000       0xa0 load address 0x08000318
                0x20000000                . = ALIGN (0x4)
                0x20000000                _strat_of_bss = .
 *(.bss)
 .bss           0x20000000       0xa0 main.o
                0x20000000                data1
 .bss           0x200000a0        0x0 startup.o
                0x200000a0                . = ALIGN (0x4)
                0x200000a0                _end_of_bss = .
OUTPUT(final.elf elf32-littlearm)
LOAD linker stubs

.ARM.attributes
                0x00000000       0x2e
 .ARM.attributes
                0x00000000       0x2e main.o
 .ARM.attributes
                0x0000002e       0x2e startup.o
